image=nextcloud:34.0.4-apache
image_digest=nextcloud@sha256:a5ace30c695afe48c2c406e940ee7886a81e13fa382e57cd68b2416d1a66914c
Nextcloud was successfully installed
observed_version=34.0.4
php_version=8.5.10
library 0.1.0-beta.1 enabled
No upgrade required.

Note: This command triggers the upgrade actions associated with a new version. The new version's updated source files must be deployed in advance.
See the upgrade documentation: https://docs.nextcloud.com/server/34/go.php?to=admin-update for more information.
fixture_epub_count=40
Starting scan for user 1 out of 1 (library-smoke)
+---------+-------+-----+---------+---------+--------+--------------+
| Folders | Files | New | Updated | Removed | Errors | Elapsed time |
+---------+-------+-----+---------+---------+--------+--------------+
| 1       | 40    | 0   | 41      | 0       | 0      | 00:00:00     |
+---------+-------+-----+---------+---------+--------+--------------+
initial_scan={"roots":1,"indexed":40,"errors":[],"filesAdded":40,"pathsUpdated":0,"filesUnchanged":0,"filesMissing":0,"metadataErrors":0,"fingerprintSkips":0,"metadataExtractions":40,"itemRefreshes":40,"fileIndexDurationMs":21,"fingerprintDurationMs":8,"metadataExtractionDurationMs":472,"itemRefreshDurationMs":2457,"missingUpdateDurationMs":0,"scannerDurationMs":3134}
gui_fixture={"id":4,"title":"A Rent In A Cloud"}
fixture_item_id=4
fixture_title=A Rent In A Cloud

> library@0.1.0-beta.1 test:gui
> playwright test --grep @smoke


Running 9 tests using 1 worker

(node:2139083) Warning: The 'NO_COLOR' env is ignored due to the 'FORCE_COLOR' env being set.
(Use `node --trace-warnings ...` to show where the warning was created)
  ✓  1 [desktop-chromium] › tests/gui/catalogue/catalogue-search-detail.spec.ts:4:1 › searches for a deterministic publication and opens and closes its details @catalogue @detail @smoke (7.8s)
  ✓  2 [desktop-chromium] › tests/gui/details/metadata-edit-persistence.spec.ts:4:1 › edits metadata, rescans, then repairs the suggestion and restores the title @details @metadata @scan @review @smoke @mutation (2.0m)
  ✓  3 [desktop-chromium] › tests/gui/settings/metadata-export-import-roundtrip.spec.ts:5:1 › exports a corrected item, previews and applies an imported title, then restores the item @metadata @import @export @smoke @mutation (7.3s)
  ✓  4 [desktop-chromium] › tests/gui/settings/scan-root-browse.spec.ts:4:1 › scans a configured root and finds its publication in the catalogue @scan @catalogue @smoke @mutation (8.7s)
(node:2141147) Warning: The 'NO_COLOR' env is ignored due to the 'FORCE_COLOR' env being set.
(Use `node --trace-warnings ...` to show where the warning was created)
  ✓  5 [desktop-firefox] › tests/gui/catalogue/catalogue-search-detail.spec.ts:4:1 › searches for a deterministic publication and opens and closes its details @catalogue @detail @smoke (7.5s)
  ✓  6 [desktop-firefox] › tests/gui/details/metadata-edit-persistence.spec.ts:4:1 › edits metadata, rescans, then repairs the suggestion and restores the title @details @metadata @scan @review @smoke @mutation (13.0s)
  ✓  7 [desktop-firefox] › tests/gui/settings/metadata-export-import-roundtrip.spec.ts:5:1 › exports a corrected item, previews and applies an imported title, then restores the item @metadata @import @export @smoke @mutation (9.9s)
  ✓  8 [desktop-firefox] › tests/gui/settings/scan-root-browse.spec.ts:4:1 › scans a configured root and finds its publication in the catalogue @scan @catalogue @smoke @mutation (8.7s)
(node:2141839) Warning: The 'NO_COLOR' env is ignored due to the 'FORCE_COLOR' env being set.
(Use `node --trace-warnings ...` to show where the warning was created)
  ✓  9 [mobile-chromium] › tests/gui/mobile/mobile-catalogue-filters.spec.ts:4:1 › applies and clears catalogue filters at a phone viewport @catalogue @filters @mobile @smoke (6.0s)

  9 passed (3.2m)
playwright_exit=0
